CRITICAL - 2026-09-28 05:59:02 --> Error: Call to undefined function App\Controllers\imagecreatefrompng()
[Method: POST, Route: users/update/1]
in APPPATH\Controllers\UserAccounts.php on line 119.
 1 APPPATH\Controllers\UserAccounts.php(91): App\Controllers\UserAccounts->createThumbnail('C:\\xampp\\htdocs\\TFA2Camacho\\public/uploads/1790575142_cbdd894ea23af44fc2e4.png', 'C:\\xampp\\htdocs\\TFA2Camacho\\public/uploads/thumb_1790575142_cbdd894ea23af44fc2e4.png', 150, 150)
 2 SYSTEMPATH\CodeIgniter.php(933): App\Controllers\UserAccounts->update('1')
 3 SYSTEMPATH\CodeIgniter.php(507): CodeIgniter\CodeIgniter->runController(Object(App\Controllers\UserAccounts))
 4 SYSTEMPATH\CodeIgniter.php(354): CodeIgniter\CodeIgniter->handleRequest(null, Object(Config\Cache), false)
 5 SYSTEMPATH\Boot.php(363): CodeIgniter\CodeIgniter->run()
 6 SYSTEMPATH\Boot.php(68): CodeIgniter\Boot::runCodeIgniter(Object(CodeIgniter\CodeIgniter))
 7 FCPATH\index.php(59): CodeIgniter\Boot::bootWeb(Object(Config\Paths))
ERROR - 2026-09-28 06:18:07 --> Error connecting to the database: mysqli_sql_exception: Unknown database 'tfa3camacho' in C:\xampp\htdocs\TFA3Camacho\system\Database\MySQLi\Connection.php:201
Stack trace:
#0 C:\xampp\htdocs\TFA3Camacho\system\Database\MySQLi\Connection.php(201): mysqli->real_connect('localhost', 'root', Object(SensitiveParameterValue), 'tfa3camacho', 3306, '', 0)
#1 C:\xampp\htdocs\TFA3Camacho\system\Database\BaseConnection.php(419): CodeIgniter\Database\MySQLi\Connection->connect(false)
#2 C:\xampp\htdocs\TFA3Camacho\system\Database\BaseConnection.php(614): CodeIgniter\Database\BaseConnection->initialize()
#3 C:\xampp\htdocs\TFA3Camacho\system\Database\BaseBuilder.php(1649): CodeIgniter\Database\BaseConnection->query('SELECT *\nFROM `...', Array, false)
#4 C:\xampp\htdocs\TFA3Camacho\system\Model.php(286): CodeIgniter\Database\BaseBuilder->get()
#5 C:\xampp\htdocs\TFA3Camacho\system\BaseModel.php(677): CodeIgniter\Model->doFindAll(0, 0)
#6 C:\xampp\htdocs\TFA3Camacho\app\Controllers\CustomerAccounts.php(12): CodeIgniter\BaseModel->findAll()
#7 C:\xampp\htdocs\TFA3Camacho\system\CodeIgniter.php(933): App\Controllers\CustomerAccounts->index()
#8 C:\xampp\htdocs\TFA3Camacho\system\CodeIgniter.php(507): CodeIgniter\CodeIgniter->runController(Object(App\Controllers\CustomerAccounts))
#9 C:\xampp\htdocs\TFA3Camacho\system\CodeIgniter.php(354): CodeIgniter\CodeIgniter->handleRequest(NULL, Object(Config\Cache), false)
#10 C:\xampp\htdocs\TFA3Camacho\system\Boot.php(363): CodeIgniter\CodeIgniter->run()
#11 C:\xampp\htdocs\TFA3Camacho\system\Boot.php(68): CodeIgniter\Boot::runCodeIgniter(Object(CodeIgniter\CodeIgniter))
#12 C:\xampp\htdocs\TFA3Camacho\public\index.php(59): CodeIgniter\Boot::bootWeb(Object(Config\Paths))
#13 {main}

Next CodeIgniter\Database\Exceptions\DatabaseException: Unknown database 'tfa3camacho' in C:\xampp\htdocs\TFA3Camacho\system\Database\MySQLi\Connection.php:246
Stack trace:
#0 C:\xampp\htdocs\TFA3Camacho\system\Database\BaseConnection.php(419): CodeIgniter\Database\MySQLi\Connection->connect(false)
#1 C:\xampp\htdocs\TFA3Camacho\system\Database\BaseConnection.php(614): CodeIgniter\Database\BaseConnection->initialize()
#2 C:\xampp\htdocs\TFA3Camacho\system\Database\BaseBuilder.php(1649): CodeIgniter\Database\BaseConnection->query('SELECT *\nFROM `...', Array, false)
#3 C:\xampp\htdocs\TFA3Camacho\system\Model.php(286): CodeIgniter\Database\BaseBuilder->get()
#4 C:\xampp\htdocs\TFA3Camacho\system\BaseModel.php(677): CodeIgniter\Model->doFindAll(0, 0)
#5 C:\xampp\htdocs\TFA3Camacho\app\Controllers\CustomerAccounts.php(12): CodeIgniter\BaseModel->findAll()
#6 C:\xampp\htdocs\TFA3Camacho\system\CodeIgniter.php(933): App\Controllers\CustomerAccounts->index()
#7 C:\xampp\htdocs\TFA3Camacho\system\CodeIgniter.php(507): CodeIgniter\CodeIgniter->runController(Object(App\Controllers\CustomerAccounts))
#8 C:\xampp\htdocs\TFA3Camacho\system\CodeIgniter.php(354): CodeIgniter\CodeIgniter->handleRequest(NULL, Object(Config\Cache), false)
#9 C:\xampp\htdocs\TFA3Camacho\system\Boot.php(363): CodeIgniter\CodeIgniter->run()
#10 C:\xampp\htdocs\TFA3Camacho\system\Boot.php(68): CodeIgniter\Boot::runCodeIgniter(Object(CodeIgniter\CodeIgniter))
#11 C:\xampp\htdocs\TFA3Camacho\public\index.php(59): CodeIgniter\Boot::bootWeb(Object(Config\Paths))
#12 {main}
CRITICAL - 2026-09-28 06:18:07 --> CodeIgniter\Database\Exceptions\DatabaseException: Unable to connect to the database.
Main connection [MySQLi]: Unknown database 'tfa3camacho'
[Method: GET, Route: customer-accounts]
in SYSTEMPATH\Database\BaseConnection.php on line 465.
 1 SYSTEMPATH\Database\BaseConnection.php(614): CodeIgniter\Database\BaseConnection->initialize()
 2 SYSTEMPATH\Database\BaseBuilder.php(1649): CodeIgniter\Database\BaseConnection->query('SELECT *
FROM `customers`', [], false)
 3 SYSTEMPATH\Model.php(286): CodeIgniter\Database\BaseBuilder->get()
 4 SYSTEMPATH\BaseModel.php(677): CodeIgniter\Model->doFindAll(0, 0)
 5 APPPATH\Controllers\CustomerAccounts.php(12): CodeIgniter\BaseModel->findAll()
 6 SYSTEMPATH\CodeIgniter.php(933): App\Controllers\CustomerAccounts->index()
 7 SYSTEMPATH\CodeIgniter.php(507): CodeIgniter\CodeIgniter->runController(Object(App\Controllers\CustomerAccounts))
 8 SYSTEMPATH\CodeIgniter.php(354): CodeIgniter\CodeIgniter->handleRequest(null, Object(Config\Cache), false)
 9 SYSTEMPATH\Boot.php(363): CodeIgniter\CodeIgniter->run()
10 SYSTEMPATH\Boot.php(68): CodeIgniter\Boot::runCodeIgniter(Object(CodeIgniter\CodeIgniter))
11 FCPATH\index.php(59): CodeIgniter\Boot::bootWeb(Object(Config\Paths))
ERROR - 2026-09-28 08:14:00 --> Error connecting to the database: mysqli_sql_exception: No connection could be made because the target machine actively refused it in C:\xampp\htdocs\TFA3Camacho\system\Database\MySQLi\Connection.php:201
Stack trace:
#0 C:\xampp\htdocs\TFA3Camacho\system\Database\MySQLi\Connection.php(201): mysqli->real_connect('localhost', 'root', Object(SensitiveParameterValue), 'tfa3camacho', 3306, '', 0)
#1 C:\xampp\htdocs\TFA3Camacho\system\Database\BaseConnection.php(419): CodeIgniter\Database\MySQLi\Connection->connect(false)
#2 C:\xampp\htdocs\TFA3Camacho\system\Database\BaseConnection.php(614): CodeIgniter\Database\BaseConnection->initialize()
#3 C:\xampp\htdocs\TFA3Camacho\system\Database\BaseBuilder.php(1649): CodeIgniter\Database\BaseConnection->query('SELECT *\nFROM `...', Array, false)
#4 C:\xampp\htdocs\TFA3Camacho\system\Model.php(286): CodeIgniter\Database\BaseBuilder->get()
#5 C:\xampp\htdocs\TFA3Camacho\system\BaseModel.php(677): CodeIgniter\Model->doFindAll(0, 0)
#6 C:\xampp\htdocs\TFA3Camacho\app\Controllers\CustomerAccounts.php(12): CodeIgniter\BaseModel->findAll()
#7 C:\xampp\htdocs\TFA3Camacho\system\CodeIgniter.php(933): App\Controllers\CustomerAccounts->index()
#8 C:\xampp\htdocs\TFA3Camacho\system\CodeIgniter.php(507): CodeIgniter\CodeIgniter->runController(Object(App\Controllers\CustomerAccounts))
#9 C:\xampp\htdocs\TFA3Camacho\system\CodeIgniter.php(354): CodeIgniter\CodeIgniter->handleRequest(NULL, Object(Config\Cache), false)
#10 C:\xampp\htdocs\TFA3Camacho\system\Boot.php(363): CodeIgniter\CodeIgniter->run()
#11 C:\xampp\htdocs\TFA3Camacho\system\Boot.php(68): CodeIgniter\Boot::runCodeIgniter(Object(CodeIgniter\CodeIgniter))
#12 C:\xampp\htdocs\TFA3Camacho\public\index.php(59): CodeIgniter\Boot::bootWeb(Object(Config\Paths))
#13 {main}

Next CodeIgniter\Database\Exceptions\DatabaseException: No connection could be made because the target machine actively refused it in C:\xampp\htdocs\TFA3Camacho\system\Database\MySQLi\Connection.php:246
Stack trace:
#0 C:\xampp\htdocs\TFA3Camacho\system\Database\BaseConnection.php(419): CodeIgniter\Database\MySQLi\Connection->connect(false)
#1 C:\xampp\htdocs\TFA3Camacho\system\Database\BaseConnection.php(614): CodeIgniter\Database\BaseConnection->initialize()
#2 C:\xampp\htdocs\TFA3Camacho\system\Database\BaseBuilder.php(1649): CodeIgniter\Database\BaseConnection->query('SELECT *\nFROM `...', Array, false)
#3 C:\xampp\htdocs\TFA3Camacho\system\Model.php(286): CodeIgniter\Database\BaseBuilder->get()
#4 C:\xampp\htdocs\TFA3Camacho\system\BaseModel.php(677): CodeIgniter\Model->doFindAll(0, 0)
#5 C:\xampp\htdocs\TFA3Camacho\app\Controllers\CustomerAccounts.php(12): CodeIgniter\BaseModel->findAll()
#6 C:\xampp\htdocs\TFA3Camacho\system\CodeIgniter.php(933): App\Controllers\CustomerAccounts->index()
#7 C:\xampp\htdocs\TFA3Camacho\system\CodeIgniter.php(507): CodeIgniter\CodeIgniter->runController(Object(App\Controllers\CustomerAccounts))
#8 C:\xampp\htdocs\TFA3Camacho\system\CodeIgniter.php(354): CodeIgniter\CodeIgniter->handleRequest(NULL, Object(Config\Cache), false)
#9 C:\xampp\htdocs\TFA3Camacho\system\Boot.php(363): CodeIgniter\CodeIgniter->run()
#10 C:\xampp\htdocs\TFA3Camacho\system\Boot.php(68): CodeIgniter\Boot::runCodeIgniter(Object(CodeIgniter\CodeIgniter))
#11 C:\xampp\htdocs\TFA3Camacho\public\index.php(59): CodeIgniter\Boot::bootWeb(Object(Config\Paths))
#12 {main}
CRITICAL - 2026-09-28 08:14:00 --> CodeIgniter\Database\Exceptions\DatabaseException: Unable to connect to the database.
Main connection [MySQLi]: No connection could be made because the target machine actively refused it
[Method: GET, Route: customer-accounts]
in SYSTEMPATH\Database\BaseConnection.php on line 465.
 1 SYSTEMPATH\Database\BaseConnection.php(614): CodeIgniter\Database\BaseConnection->initialize()
 2 SYSTEMPATH\Database\BaseBuilder.php(1649): CodeIgniter\Database\BaseConnection->query('SELECT *
FROM `customers`', [], false)
 3 SYSTEMPATH\Model.php(286): CodeIgniter\Database\BaseBuilder->get()
 4 SYSTEMPATH\BaseModel.php(677): CodeIgniter\Model->doFindAll(0, 0)
 5 APPPATH\Controllers\CustomerAccounts.php(12): CodeIgniter\BaseModel->findAll()
 6 SYSTEMPATH\CodeIgniter.php(933): App\Controllers\CustomerAccounts->index()
 7 SYSTEMPATH\CodeIgniter.php(507): CodeIgniter\CodeIgniter->runController(Object(App\Controllers\CustomerAccounts))
 8 SYSTEMPATH\CodeIgniter.php(354): CodeIgniter\CodeIgniter->handleRequest(null, Object(Config\Cache), false)
 9 SYSTEMPATH\Boot.php(363): CodeIgniter\CodeIgniter->run()
10 SYSTEMPATH\Boot.php(68): CodeIgniter\Boot::runCodeIgniter(Object(CodeIgniter\CodeIgniter))
11 FCPATH\index.php(59): CodeIgniter\Boot::bootWeb(Object(Config\Paths))
ERROR - 2026-09-28 08:14:09 --> Error connecting to the database: mysqli_sql_exception: No connection could be made because the target machine actively refused it in C:\xampp\htdocs\TFA3Camacho\system\Database\MySQLi\Connection.php:201
Stack trace:
#0 C:\xampp\htdocs\TFA3Camacho\system\Database\MySQLi\Connection.php(201): mysqli->real_connect('localhost', 'root', Object(SensitiveParameterValue), 'tfa3camacho', 3306, '', 0)
#1 C:\xampp\htdocs\TFA3Camacho\system\Database\BaseConnection.php(419): CodeIgniter\Database\MySQLi\Connection->connect(false)
#2 C:\xampp\htdocs\TFA3Camacho\system\Database\BaseConnection.php(614): CodeIgniter\Database\BaseConnection->initialize()
#3 C:\xampp\htdocs\TFA3Camacho\system\Database\BaseBuilder.php(1649): CodeIgniter\Database\BaseConnection->query('SELECT *\nFROM `...', Array, false)
#4 C:\xampp\htdocs\TFA3Camacho\system\Model.php(286): CodeIgniter\Database\BaseBuilder->get()
#5 C:\xampp\htdocs\TFA3Camacho\system\BaseModel.php(677): CodeIgniter\Model->doFindAll(0, 0)
#6 C:\xampp\htdocs\TFA3Camacho\app\Controllers\CustomerAccounts.php(12): CodeIgniter\BaseModel->findAll()
#7 C:\xampp\htdocs\TFA3Camacho\system\CodeIgniter.php(933): App\Controllers\CustomerAccounts->index()
#8 C:\xampp\htdocs\TFA3Camacho\system\CodeIgniter.php(507): CodeIgniter\CodeIgniter->runController(Object(App\Controllers\CustomerAccounts))
#9 C:\xampp\htdocs\TFA3Camacho\system\CodeIgniter.php(354): CodeIgniter\CodeIgniter->handleRequest(NULL, Object(Config\Cache), false)
#10 C:\xampp\htdocs\TFA3Camacho\system\Boot.php(363): CodeIgniter\CodeIgniter->run()
#11 C:\xampp\htdocs\TFA3Camacho\system\Boot.php(68): CodeIgniter\Boot::runCodeIgniter(Object(CodeIgniter\CodeIgniter))
#12 C:\xampp\htdocs\TFA3Camacho\public\index.php(59): CodeIgniter\Boot::bootWeb(Object(Config\Paths))
#13 {main}

Next CodeIgniter\Database\Exceptions\DatabaseException: No connection could be made because the target machine actively refused it in C:\xampp\htdocs\TFA3Camacho\system\Database\MySQLi\Connection.php:246
Stack trace:
#0 C:\xampp\htdocs\TFA3Camacho\system\Database\BaseConnection.php(419): CodeIgniter\Database\MySQLi\Connection->connect(false)
#1 C:\xampp\htdocs\TFA3Camacho\system\Database\BaseConnection.php(614): CodeIgniter\Database\BaseConnection->initialize()
#2 C:\xampp\htdocs\TFA3Camacho\system\Database\BaseBuilder.php(1649): CodeIgniter\Database\BaseConnection->query('SELECT *\nFROM `...', Array, false)
#3 C:\xampp\htdocs\TFA3Camacho\system\Model.php(286): CodeIgniter\Database\BaseBuilder->get()
#4 C:\xampp\htdocs\TFA3Camacho\system\BaseModel.php(677): CodeIgniter\Model->doFindAll(0, 0)
#5 C:\xampp\htdocs\TFA3Camacho\app\Controllers\CustomerAccounts.php(12): CodeIgniter\BaseModel->findAll()
#6 C:\xampp\htdocs\TFA3Camacho\system\CodeIgniter.php(933): App\Controllers\CustomerAccounts->index()
#7 C:\xampp\htdocs\TFA3Camacho\system\CodeIgniter.php(507): CodeIgniter\CodeIgniter->runController(Object(App\Controllers\CustomerAccounts))
#8 C:\xampp\htdocs\TFA3Camacho\system\CodeIgniter.php(354): CodeIgniter\CodeIgniter->handleRequest(NULL, Object(Config\Cache), false)
#9 C:\xampp\htdocs\TFA3Camacho\system\Boot.php(363): CodeIgniter\CodeIgniter->run()
#10 C:\xampp\htdocs\TFA3Camacho\system\Boot.php(68): CodeIgniter\Boot::runCodeIgniter(Object(CodeIgniter\CodeIgniter))
#11 C:\xampp\htdocs\TFA3Camacho\public\index.php(59): CodeIgniter\Boot::bootWeb(Object(Config\Paths))
#12 {main}
CRITICAL - 2026-09-28 08:14:09 --> CodeIgniter\Database\Exceptions\DatabaseException: Unable to connect to the database.
Main connection [MySQLi]: No connection could be made because the target machine actively refused it
[Method: GET, Route: customer-accounts]
in SYSTEMPATH\Database\BaseConnection.php on line 465.
 1 SYSTEMPATH\Database\BaseConnection.php(614): CodeIgniter\Database\BaseConnection->initialize()
 2 SYSTEMPATH\Database\BaseBuilder.php(1649): CodeIgniter\Database\BaseConnection->query('SELECT *
FROM `customers`', [], false)
 3 SYSTEMPATH\Model.php(286): CodeIgniter\Database\BaseBuilder->get()
 4 SYSTEMPATH\BaseModel.php(677): CodeIgniter\Model->doFindAll(0, 0)
 5 APPPATH\Controllers\CustomerAccounts.php(12): CodeIgniter\BaseModel->findAll()
 6 SYSTEMPATH\CodeIgniter.php(933): App\Controllers\CustomerAccounts->index()
 7 SYSTEMPATH\CodeIgniter.php(507): CodeIgniter\CodeIgniter->runController(Object(App\Controllers\CustomerAccounts))
 8 SYSTEMPATH\CodeIgniter.php(354): CodeIgniter\CodeIgniter->handleRequest(null, Object(Config\Cache), false)
 9 SYSTEMPATH\Boot.php(363): CodeIgniter\CodeIgniter->run()
10 SYSTEMPATH\Boot.php(68): CodeIgniter\Boot::runCodeIgniter(Object(CodeIgniter\CodeIgniter))
11 FCPATH\index.php(59): CodeIgniter\Boot::bootWeb(Object(Config\Paths))
CRITICAL - 2026-09-28 08:19:56 --> ErrorException: Constant expression contains invalid operations
[Method: GET, Route: /]
in APPPATH\Config\Database.php on line 27.
 1 [internal function]: CodeIgniter\Debug\Exceptions->shutdownHandler()
CRITICAL - 2026-09-28 08:20:45 --> ErrorException: Constant expression contains invalid operations
[Method: GET, Route: /]
in APPPATH\Config\Database.php on line 27.
 1 [internal function]: CodeIgniter\Debug\Exceptions->shutdownHandler()
CRITICAL - 2026-09-28 08:21:21 --> ErrorException: Constant expression contains invalid operations
[Method: GET, Route: /]
in APPPATH\Config\Database.php on line 27.
 1 [internal function]: CodeIgniter\Debug\Exceptions->shutdownHandler()
CRITICAL - 2026-09-28 08:21:22 --> ErrorException: Constant expression contains invalid operations
[Method: GET, Route: /]
in APPPATH\Config\Database.php on line 27.
 1 [internal function]: CodeIgniter\Debug\Exceptions->shutdownHandler()
CRITICAL - 2026-09-28 08:21:22 --> ErrorException: Constant expression contains invalid operations
[Method: GET, Route: /]
in APPPATH\Config\Database.php on line 27.
 1 [internal function]: CodeIgniter\Debug\Exceptions->shutdownHandler()
CRITICAL - 2026-09-28 08:21:22 --> ErrorException: Constant expression contains invalid operations
[Method: GET, Route: /]
in APPPATH\Config\Database.php on line 27.
 1 [internal function]: CodeIgniter\Debug\Exceptions->shutdownHandler()
CRITICAL - 2026-09-28 08:21:23 --> ErrorException: Constant expression contains invalid operations
[Method: GET, Route: /]
in APPPATH\Config\Database.php on line 27.
 1 [internal function]: CodeIgniter\Debug\Exceptions->shutdownHandler()
CRITICAL - 2026-09-28 08:21:23 --> ErrorException: Constant expression contains invalid operations
[Method: GET, Route: /]
in APPPATH\Config\Database.php on line 27.
 1 [internal function]: CodeIgniter\Debug\Exceptions->shutdownHandler()
CRITICAL - 2026-09-28 08:21:23 --> ErrorException: Constant expression contains invalid operations
[Method: GET, Route: /]
in APPPATH\Config\Database.php on line 27.
 1 [internal function]: CodeIgniter\Debug\Exceptions->shutdownHandler()
CRITICAL - 2026-09-28 08:21:23 --> ErrorException: Constant expression contains invalid operations
[Method: GET, Route: /]
in APPPATH\Config\Database.php on line 27.
 1 [internal function]: CodeIgniter\Debug\Exceptions->shutdownHandler()
ERROR - 2026-09-28 12:11:47 --> Error connecting to the database: TypeError: mysqli::real_connect(): Argument #5 ($port) must be of type ?int, string given in C:\xampp\htdocs\TFA3Camacho\system\Database\MySQLi\Connection.php:201
Stack trace:
#0 C:\xampp\htdocs\TFA3Camacho\system\Database\MySQLi\Connection.php(201): mysqli->real_connect('localhost', 'root', Object(SensitiveParameterValue), 'tfa3camacho', '3306', '', 0)
#1 C:\xampp\htdocs\TFA3Camacho\system\Database\BaseConnection.php(419): CodeIgniter\Database\MySQLi\Connection->connect(false)
#2 C:\xampp\htdocs\TFA3Camacho\system\Database\BaseConnection.php(614): CodeIgniter\Database\BaseConnection->initialize()
#3 C:\xampp\htdocs\TFA3Camacho\app\Controllers\Home.php(12): CodeIgniter\Database\BaseConnection->query('SELECT 1')
#4 C:\xampp\htdocs\TFA3Camacho\system\CodeIgniter.php(933): App\Controllers\Home->index()
#5 C:\xampp\htdocs\TFA3Camacho\system\CodeIgniter.php(507): CodeIgniter\CodeIgniter->runController(Object(App\Controllers\Home))
#6 C:\xampp\htdocs\TFA3Camacho\system\CodeIgniter.php(354): CodeIgniter\CodeIgniter->handleRequest(NULL, Object(Config\Cache), false)
#7 C:\xampp\htdocs\TFA3Camacho\system\Boot.php(363): CodeIgniter\CodeIgniter->run()
#8 C:\xampp\htdocs\TFA3Camacho\system\Boot.php(68): CodeIgniter\Boot::runCodeIgniter(Object(CodeIgniter\CodeIgniter))
#9 C:\xampp\htdocs\TFA3Camacho\index.php(59): CodeIgniter\Boot::bootWeb(Object(Config\Paths))
#10 {main}

Next CodeIgniter\Database\Exceptions\DatabaseException: mysqli::real_connect(): Argument #5 ($port) must be of type ?int, string given in C:\xampp\htdocs\TFA3Camacho\system\Database\MySQLi\Connection.php:246
Stack trace:
#0 C:\xampp\htdocs\TFA3Camacho\system\Database\BaseConnection.php(419): CodeIgniter\Database\MySQLi\Connection->connect(false)
#1 C:\xampp\htdocs\TFA3Camacho\system\Database\BaseConnection.php(614): CodeIgniter\Database\BaseConnection->initialize()
#2 C:\xampp\htdocs\TFA3Camacho\app\Controllers\Home.php(12): CodeIgniter\Database\BaseConnection->query('SELECT 1')
#3 C:\xampp\htdocs\TFA3Camacho\system\CodeIgniter.php(933): App\Controllers\Home->index()
#4 C:\xampp\htdocs\TFA3Camacho\system\CodeIgniter.php(507): CodeIgniter\CodeIgniter->runController(Object(App\Controllers\Home))
#5 C:\xampp\htdocs\TFA3Camacho\system\CodeIgniter.php(354): CodeIgniter\CodeIgniter->handleRequest(NULL, Object(Config\Cache), false)
#6 C:\xampp\htdocs\TFA3Camacho\system\Boot.php(363): CodeIgniter\CodeIgniter->run()
#7 C:\xampp\htdocs\TFA3Camacho\system\Boot.php(68): CodeIgniter\Boot::runCodeIgniter(Object(CodeIgniter\CodeIgniter))
#8 C:\xampp\htdocs\TFA3Camacho\index.php(59): CodeIgniter\Boot::bootWeb(Object(Config\Paths))
#9 {main}
ERROR - 2026-09-28 12:11:59 --> Error connecting to the database: TypeError: mysqli::real_connect(): Argument #5 ($port) must be of type ?int, string given in C:\xampp\htdocs\TFA3Camacho\system\Database\MySQLi\Connection.php:201
Stack trace:
#0 C:\xampp\htdocs\TFA3Camacho\system\Database\MySQLi\Connection.php(201): mysqli->real_connect('localhost', 'root', Object(SensitiveParameterValue), 'tfa3camacho', '3306', '', 0)
#1 C:\xampp\htdocs\TFA3Camacho\system\Database\BaseConnection.php(419): CodeIgniter\Database\MySQLi\Connection->connect(false)
#2 C:\xampp\htdocs\TFA3Camacho\system\Database\BaseConnection.php(614): CodeIgniter\Database\BaseConnection->initialize()
#3 C:\xampp\htdocs\TFA3Camacho\app\Controllers\Home.php(12): CodeIgniter\Database\BaseConnection->query('SELECT 1')
#4 C:\xampp\htdocs\TFA3Camacho\system\CodeIgniter.php(933): App\Controllers\Home->index()
#5 C:\xampp\htdocs\TFA3Camacho\system\CodeIgniter.php(507): CodeIgniter\CodeIgniter->runController(Object(App\Controllers\Home))
#6 C:\xampp\htdocs\TFA3Camacho\system\CodeIgniter.php(354): CodeIgniter\CodeIgniter->handleRequest(NULL, Object(Config\Cache), false)
#7 C:\xampp\htdocs\TFA3Camacho\system\Boot.php(363): CodeIgniter\CodeIgniter->run()
#8 C:\xampp\htdocs\TFA3Camacho\system\Boot.php(68): CodeIgniter\Boot::runCodeIgniter(Object(CodeIgniter\CodeIgniter))
#9 C:\xampp\htdocs\TFA3Camacho\index.php(59): CodeIgniter\Boot::bootWeb(Object(Config\Paths))
#10 {main}

Next CodeIgniter\Database\Exceptions\DatabaseException: mysqli::real_connect(): Argument #5 ($port) must be of type ?int, string given in C:\xampp\htdocs\TFA3Camacho\system\Database\MySQLi\Connection.php:246
Stack trace:
#0 C:\xampp\htdocs\TFA3Camacho\system\Database\BaseConnection.php(419): CodeIgniter\Database\MySQLi\Connection->connect(false)
#1 C:\xampp\htdocs\TFA3Camacho\system\Database\BaseConnection.php(614): CodeIgniter\Database\BaseConnection->initialize()
#2 C:\xampp\htdocs\TFA3Camacho\app\Controllers\Home.php(12): CodeIgniter\Database\BaseConnection->query('SELECT 1')
#3 C:\xampp\htdocs\TFA3Camacho\system\CodeIgniter.php(933): App\Controllers\Home->index()
#4 C:\xampp\htdocs\TFA3Camacho\system\CodeIgniter.php(507): CodeIgniter\CodeIgniter->runController(Object(App\Controllers\Home))
#5 C:\xampp\htdocs\TFA3Camacho\system\CodeIgniter.php(354): CodeIgniter\CodeIgniter->handleRequest(NULL, Object(Config\Cache), false)
#6 C:\xampp\htdocs\TFA3Camacho\system\Boot.php(363): CodeIgniter\CodeIgniter->run()
#7 C:\xampp\htdocs\TFA3Camacho\system\Boot.php(68): CodeIgniter\Boot::runCodeIgniter(Object(CodeIgniter\CodeIgniter))
#8 C:\xampp\htdocs\TFA3Camacho\index.php(59): CodeIgniter\Boot::bootWeb(Object(Config\Paths))
#9 {main}
